// Jest Snapshot v1, https://goo.gl/fbAQLP

exports[`Collection should match snapshot 1`] = `
<section
  className="collection-container"
>
  <div
    className="collection-header"
  >
    <span
      className="subtitle"
    >
      Collections
    </span>
    <button
      className="button is-primary is-outlined"
      onClick={[Function]}
    >
      Add new
    </button>
  </div>
  <Connect(CollectionDropdown) />
  <div
    className="collection"
  />
</section>
`;
